

Lorem ipsum dolor sit amet, consectetur adipiscing elit.
 Sed varius velit non justo lobortis, eget faucibus purus scelerisque.
 Nulla sed dignissim ante.
 Sed in odio nec nibh viverra cursus id in tortor.
 Vestibulum lacinia felis augue, eget lobortis justo ullamcorper id.
 Sed tristique sem vel quam sollicitudin elementum.
 Aliquam eget nisl nulla.
 Praesent eu diam id risus tempus aliquam.
 Morbi eu nibh at orci venenatis vulputate quis ut nibh.
 Praesent eu elit ac felis bibendum dictum.
 Nulla volutpat lorem sit amet enim varius, eu accumsan turpis vestibulum.


Curabitur euismod ultricies venenatis.
 Vestibulum scelerisque mauris metus, id mollis nunc dignissim vel.
 Nam id tellus suscipit, scelerisque massa ut, lacinia diam.
 Duis dignissim velit id turpis vulputate, nec ullamcorper odio feugiat.
 Vestibulum pharetra tellus eu massa varius suscipit.
 Suspendisse vel libero at nunc molestie malesuada.
 Cras ante augue, vestibulum vel tristique ut, tristique eu dolor.
 Donec malesuada, velit vel vulputate pulvinar, ante ligula elementum turpis, vel dignissim urna augue a metus.


Donec eget tempus turpis.
 Quisque risus mauris, aliquet a faucibus at, lobortis eget nulla.
 Curabitur gravida scelerisque mi, eget dictum metus congue et.
 Suspendisse ut risus maximus, pharetra lectus at, facilisis dui.
 Quisque tristique, diam eget consectetur porttitor, lorem arcu euismod sapien, in porttitor nunc lectus a mi.
 Orci varius natoque penatibus et magnis dis parturient montes, nascetur ridiculus mus.
 Integer ornare tortor sed feugiat cursus.


Mauris vel tellus convallis, congue magna suscipit, gravida sapien.
 Maecenas lobortis vitae dolor ut congue.
 Sed convallis eu ipsum eu euismod.
 In hac habitasse platea dictumst.
 Sed ullamcorper velit ac nisi venenatis, sed tempor erat sagittis.
 Aenean sit amet dignissim sapien, vitae tempus enim.
 Mauris sodales vel nisl a vulputate.
 Mauris dapibus eu tellus sit amet egestas.
 Quisque interdum luctus nisi nec commodo.
 Vivamus quis eros elit.
 Proin ut aliquet justo.
 Fusce in libero quis elit consequat tristique sit amet sed ligula.
 Aenean tristique velit dui, non ornare massa lobortis vel.
 Pellentesque habitant morbi tristique senectus et netus et malesuada fames ac turpis egestas.
 Morbi sit amet posuere ante.


Nam tincidunt varius suscipit.
 Sed ullamcorper, mi eget auctor sagittis, neque tortor dictum ligula, et iaculis quam tortor vel erat.
 Donec vitae leo ac orci pharetra ultricies.
 Phasellus non est consectetur, ultricies nulla vitae, cursus dui.
 Etiam tortor magna, ultricies vitae laoreet non, consectetur a magna.
 Curabitur ex massa, consectetur eu arcu at, elementum mollis dui.
 Nunc quis orci mi.
 Nulla ligula leo, placerat eget rutrum at, auctor feugiat enim.

